=================================================================================================================================
=================================================================================================================================
=================================================================================================================================
=================================================================================================================================
=================================================================================================================================
=================================================================================================================================
=================================================================================================================================
=================================================================================================================================
=================================================================================================================================
====================================================OOOOOOO=OOOOOOOOOOOOOOOOOOOO=================================================
====================================================OONONOO=OOOOOOOOOOOOOOOOOOOO=================================================
====================================================OOOOOOO=OO===================================================================
====================================================OOOOOOO=##=OOONOOO#OOOOOOOOO=================================================
====================================================OOOOOOO=OO=########OOOOOOOOO=================================================
====================================================OOOOOOOOOOOOOOOOOOOOOOOOOOOO=================================================
====================================================OOOOOOOOOOOOOOOOOOOOOOOOOOOO=================================================
=================================================================:::=============================================================
=================================================================================================================================
=================================================================================================================================
=================================================================================================================================
=================================================================================================================================
=================================================================================================================================
=================================================================================================================================
=================================================================================================================================
=================================================================================================================================
=================================================================================================================================
=================================================================================================================================
=================================================================================================================================
=================================================================================================================================
=================================================================================================================================
=================================================================================================================================
=================================================================================================================================
=================================================================================================================================
=================================================================================================================================
=================================================================================================================================
=================================================================================================================================
=================================================================================================================================
=================================================================================================================================
=================================================================================================================================
=================================================================================================================================